madhuri@DESKTOP-D45N6PK:~$ pwd
/home/madhuri
madhuri@DESKTOP-D45N6PK:~$ mkdir outlook
madhuri@DESKTOP-D45N6PK:~$ cd outlook
madhuri@DESKTOP-D45N6PK:~/outlook$ echo " hi im outlook" > outlook.txt
madhuri@DESKTOP-D45N6PK:~/outlook$ ls
outlook.txt
madhuri@DESKTOP-D45N6PK:~/outlook$ cat outlook.txt
 hi im outlook
madhuri@DESKTOP-D45N6PK:~/outlook$ echo " welcome to outlook" >> outlook.txt
madhuri@DESKTOP-D45N6PK:~/outlook$ cat outlook.txt
 hi im outlook
 welcome to outlook
madhuri@DESKTOP-D45N6PK:~/outlook$ cd ..
madhuri@DESKTOP-D45N6PK:~$ cd outlook
madhuri@DESKTOP-D45N6PK:~/outlook$ touch look.txt
madhuri@DESKTOP-D45N6PK:~/outlook$ nano look.txt
madhuri@DESKTOP-D45N6PK:~/outlook$ cat llok.txt
cat: llok.txt: No such file or directory
madhuri@DESKTOP-D45N6PK:~/outlook$ cat look.txt
hello
welcome to UST
name: xyz
id :123
role: software

madhuri@DESKTOP-D45N6PK:~/outlook$ *.txt
look.txt: command not found
madhuri@DESKTOP-D45N6PK:~/outlook$ cat *.txt
hello
welcome to UST
name: xyz
id :123
role: software

 hi im outlook
 welcome to outlook
madhuri@DESKTOP-D45N6PK:~/outlook$ mkdir -p folder/myfolder
madhuri@DESKTOP-D45N6PK:~/outlook$ ls
folder  look.txt  outlook.txt
madhuri@DESKTOP-D45N6PK:~/outlook$ cd folder
madhuri@DESKTOP-D45N6PK:~/outlook/folder$ ls
myfolder
madhuri@DESKTOP-D45N6PK:~/outlook/folder$ cd ..
madhuri@DESKTOP-D45N6PK:~/outlook$ echo " abcdefghijklmnopqrstuvwxyz" >> k.txt
madhuri@DESKTOP-D45N6PK:~/outlook$ echo " abcdefghijklmnopqrstuvwxyz" >> k.txt
madhuri@DESKTOP-D45N6PK:~/outlook$ echo " abcdefghijklmnopqrstuvwxyz" >> k.txt
madhuri@DESKTOP-D45N6PK:~/outlook$ echo " abcdefghijklmnopqrstuvwxyz" >> k.txt
madhuri@DESKTOP-D45N6PK:~/outlook$ cd ..
madhuri@DESKTOP-D45N6PK:~$ cd outlook
madhuri@DESKTOP-D45N6PK:~/outlook$ echo " abcdefghijklmnopqrstuvwxyz" >> k.txt
madhuri@DESKTOP-D45N6PK:~/outlook$ echo " abcdefghijklmnopqrstuvwxyz" >> k.txt
madhuri@DESKTOP-D45N6PK:~/outlook$ echo " abcdefghijklmnopqrstuvwxyz" >> k.txt
madhuri@DESKTOP-D45N6PK:~/outlook$ echo " abcdefghijklmnopqrstuvwxyz" >> k.txt
madhuri@DESKTOP-D45N6PK:~/outlook$ echo " abcdefghijklmnopqrstuvwxyz" >> k.txt
madhuri@DESKTOP-D45N6PK:~/outlook$ echo " abcdefghijklmnopqrstuvwxyz" >> k.txt
madhuri@DESKTOP-D45N6PK:~/outlook$ echo " abcdefghijklmnopqrstuvwxyz" >> k.txt
madhuri@DESKTOP-D45N6PK:~/outlook$ echo " abcdefghijklmnopqrstuvwxyz" >> k.txt
madhuri@DESKTOP-D45N6PK:~/outlook$ echo " abcdefghijklmnopqrstuvwxyz" >> k.txt
madhuri@DESKTOP-D45N6PK:~/outlook$ echo " abcdefghijklmnopqrstuvwxyz" >> k.txt
madhuri@DESKTOP-D45N6PK:~/outlook$ echo " abcdefghijklmnopqrstuvwxyz" >> k.txt
madhuri@DESKTOP-D45N6PK:~/outlook$ echo " abcdefghijklmnopqrstuvwxyz" >> k.txt
madhuri@DESKTOP-D45N6PK:~/outlook$ echo " abcdefghijklmnopqrstuvwxyz" >> k.txt
madhuri@DESKTOP-D45N6PK:~/outlook$ echo " abcdefghijklmnopqrstuvwxyz" >> k.txt
madhuri@DESKTOP-D45N6PK:~/outlook$ echo " abcdefghijklmnopqrstuvwxyz" >> k.txt
madhuri@DESKTOP-D45N6PK:~/outlook$ echo " abcdefghijklmnopqrstuvwxyz" >> k.txt
madhuri@DESKTOP-D45N6PK:~/outlook$ echo " abcdefghijklmnopqrstuvwxyz" >> k.txt
madhuri@DESKTOP-D45N6PK:~/outlook$ echo " abcdefghijklmnopqrstuvwxyz" >> k.txt
madhuri@DESKTOP-D45N6PK:~/outlook$ echo " abcdefghijklmnopqrstuvwxyz" >> k.txt
madhuri@DESKTOP-D45N6PK:~/outlook$ echo " abcdefghijklmnopqrstuvwxyz" >> k.txt
madhuri@DESKTOP-D45N6PK:~/outlook$ echo " abcdefghijklmnopqrstuvwxyz" >> k.txt
madhuri@DESKTOP-D45N6PK:~/outlook$ echo " abcdefghijklmnopqrstuvwxyz" >> k.txt
madhuri@DESKTOP-D45N6PK:~/outlook$ echo " abcdefghijklmnopqrstuvwxyz" >> k.txt
madhuri@DESKTOP-D45N6PK:~/outlook$ echo " abcdefghijklmnopqrstuvwxyz" >> k.txt
madhuri@DESKTOP-D45N6PK:~/outlook$ echo " abcdefghijklmnopqrstuvwxyz" >> k.txt
madhuri@DESKTOP-D45N6PK:~/outlook$ echo " abcdefghijklmnopqrstuvwxyz" >> k.txt
madhuri@DESKTOP-D45N6PK:~/outlook$ echo " abcdefghijklmnopqrstuvwxyz" >> k.txt
madhuri@DESKTOP-D45N6PK:~/outlook$ echo " abcdefghijklmnopqrstuvwxyz" >> k.txt
madhuri@DESKTOP-D45N6PK:~/outlook$ echo " abcdefghijklmnopqrstuvwxyz" >> k.txt
madhuri@DESKTOP-D45N6PK:~/outlook$ echo " abcdefghijklmnopqrstuvwxyz" >> k.txt
madhuri@DESKTOP-D45N6PK:~/outlook$ echo " abcdefghijklmnopqrstuvwxyz" >> k.txt
madhuri@DESKTOP-D45N6PK:~/outlook$ echo " abcdefghijklmnopqrstuvwxyz" >> k.txt
madhuri@DESKTOP-D45N6PK:~/outlook$ echo " abcdefghijklmnopqrstuvwxyz" >> k.txt
madhuri@DESKTOP-D45N6PK:~/outlook$ echo " abcdefghijklmnopqrstuvwxyz" >> k.txt
madhuri@DESKTOP-D45N6PK:~/outlook$ echo " abcdefghijklmnopqrstuvwxyz" >> k.txt
madhuri@DESKTOP-D45N6PK:~/outlook$ echo " abcdefghijklmnopqrstuvwxyz" >> k.txt
madhuri@DESKTOP-D45N6PK:~/outlook$ echo " abcdefghijklmnopqrstuvwxyz" >> k.txt
madhuri@DESKTOP-D45N6PK:~/outlook$ echo " abcdefghijklmnopqrstuvwxyz" >> k.txt
madhuri@DESKTOP-D45N6PK:~/outlook$ echo " abcdefghijklmnopqrstuvwxyz" >> k.txt
madhuri@DESKTOP-D45N6PK:~/outlook$ echo " abcdefghijklmnopqrstuvwxyz" >> k.txt
madhuri@DESKTOP-D45N6PK:~/outlook$ echo " abcdefghijklmnopqrstuvwxyz" >> k.txt
madhuri@DESKTOP-D45N6PK:~/outlook$ cat k.txt
 abcdefghijklmnopqrstuvwxyz
 abcdefghijklmnopqrstuvwxyz
 abcdefghijklmnopqrstuvwxyz
 abcdefghijklmnopqrstuvwxyz
 abcdefghijklmnopqrstuvwxyz
 abcdefghijklmnopqrstuvwxyz
 abcdefghijklmnopqrstuvwxyz
 abcdefghijklmnopqrstuvwxyz
 abcdefghijklmnopqrstuvwxyz
 abcdefghijklmnopqrstuvwxyz
 abcdefghijklmnopqrstuvwxyz
 abcdefghijklmnopqrstuvwxyz
 abcdefghijklmnopqrstuvwxyz
 abcdefghijklmnopqrstuvwxyz
 abcdefghijklmnopqrstuvwxyz
 abcdefghijklmnopqrstuvwxyz
 abcdefghijklmnopqrstuvwxyz
 abcdefghijklmnopqrstuvwxyz
 abcdefghijklmnopqrstuvwxyz
 abcdefghijklmnopqrstuvwxyz
 abcdefghijklmnopqrstuvwxyz
 abcdefghijklmnopqrstuvwxyz
 abcdefghijklmnopqrstuvwxyz
 abcdefghijklmnopqrstuvwxyz
 abcdefghijklmnopqrstuvwxyz
 abcdefghijklmnopqrstuvwxyz
 abcdefghijklmnopqrstuvwxyz
 abcdefghijklmnopqrstuvwxyz
 abcdefghijklmnopqrstuvwxyz
 abcdefghijklmnopqrstuvwxyz
 abcdefghijklmnopqrstuvwxyz
 abcdefghijklmnopqrstuvwxyz
 abcdefghijklmnopqrstuvwxyz
 abcdefghijklmnopqrstuvwxyz
 abcdefghijklmnopqrstuvwxyz
 abcdefghijklmnopqrstuvwxyz
 abcdefghijklmnopqrstuvwxyz
 abcdefghijklmnopqrstuvwxyz
 abcdefghijklmnopqrstuvwxyz
 abcdefghijklmnopqrstuvwxyz
 abcdefghijklmnopqrstuvwxyz
 abcdefghijklmnopqrstuvwxyz
 abcdefghijklmnopqrstuvwxyz
 abcdefghijklmnopqrstuvwxyz
 abcdefghijklmnopqrstuvwxyz
madhuri@DESKTOP-D45N6PK:~/outlook$ less k.txt
madhuri@DESKTOP-D45N6PK:~/outlook$ nano
madhuri@DESKTOP-D45N6PK:~/outlook$ chmod 774 m.txt
madhuri@DESKTOP-D45N6PK:~/outlook$ ls -i
 2533274790709836 folder  12947848928691231 look.txt   9288674231765560 outlook.txt
 3659174697552466 k.txt    4222124650973751 m.txt
madhuri@DESKTOP-D45N6PK:~/outlook$ ls -li
total 4
 2533274790709836 drwxr-xr-x 1 madhuri madhuri  512 Jan  7 17:12 folder
 3659174697552466 -rw-r--r-- 1 madhuri madhuri 1260 Jan  7 17:30 k.txt
12947848928691231 -rw-r--r-- 1 madhuri madhuri   56 Jan  7 17:08 look.txt
 4222124650973751 -rwxrwxr-- 1 madhuri madhuri   31 Jan  7 17:34 m.txt
 9288674231765560 -rw-r--r-- 1 madhuri madhuri   35 Jan  7 17:05 outlook.txt
madhuri@DESKTOP-D45N6PK:~/outlook$ ls -l
total 4
drwxr-xr-x 1 madhuri madhuri  512 Jan  7 17:12 folder
-rw-r--r-- 1 madhuri madhuri 1260 Jan  7 17:30 k.txt
-rw-r--r-- 1 madhuri madhuri   56 Jan  7 17:08 look.txt
-rwxrwxr-- 1 madhuri madhuri   31 Jan  7 17:34 m.txt
-rw-r--r-- 1 madhuri madhuri   35 Jan  7 17:05 outlook.txt
madhuri@DESKTOP-D45N6PK:~/outlook$ ls -lh
total 4.0K
drwxr-xr-x 1 madhuri madhuri  512 Jan  7 17:12 folder
-rw-r--r-- 1 madhuri madhuri 1.3K Jan  7 17:30 k.txt
-rw-r--r-- 1 madhuri madhuri   56 Jan  7 17:08 look.txt
-rwxrwxr-- 1 madhuri madhuri   31 Jan  7 17:34 m.txt
-rw-r--r-- 1 madhuri madhuri   35 Jan  7 17:05 outlook.txt
madhuri@DESKTOP-D45N6PK:~/outlook$ ls
folder  k.txt  look.txt  m.txt  outlook.txt
madhuri@DESKTOP-D45N6PK:~/outlook$ mv m.txt folder ..
madhuri@DESKTOP-D45N6PK:~/outlook$ cd folder
-bash: cd: folder: No such file or directory
madhuri@DESKTOP-D45N6PK:~/outlook$ ls
k.txt  look.txt  outlook.txt
madhuri@DESKTOP-D45N6PK:~/outlook$ cd ..
madhuri@DESKTOP-D45N6PK:~$ cd folder
madhuri@DESKTOP-D45N6PK:~/folder$ ls
myfolder
madhuri@DESKTOP-D45N6PK:~/folder$ cd outlook
-bash: cd: outlook: No such file or directory
madhuri@DESKTOP-D45N6PK:~/folder$ cd ..
madhuri@DESKTOP-D45N6PK:~$ cd outlook
madhuri@DESKTOP-D45N6PK:~/outlook$ cd folder
-bash: cd: folder: No such file or directory
madhuri@DESKTOP-D45N6PK:~/outlook$ cd myfolder
-bash: cd: myfolder: No such file or directory
madhuri@DESKTOP-D45N6PK:~/outlook$ mkdir cd
madhuri@DESKTOP-D45N6PK:~/outlook$ cd cd
madhuri@DESKTOP-D45N6PK:~/outlook/cd$ mv k.txt cd
mv: cannot stat 'k.txt': No such file or directory
madhuri@DESKTOP-D45N6PK:~/outlook/cd$ ls
madhuri@DESKTOP-D45N6PK:~/outlook/cd$ cd..
cd..: command not found
madhuri@DESKTOP-D45N6PK:~/outlook/cd$ cd ..
madhuri@DESKTOP-D45N6PK:~/outlook$ cd folder
-bash: cd: folder: No such file or directory
madhuri@DESKTOP-D45N6PK:~/outlook$ cp k.txt cd
madhuri@DESKTOP-D45N6PK:~/outlook$ cd cd
madhuri@DESKTOP-D45N6PK:~/outlook/cd$ ls
k.txt
madhuri@DESKTOP-D45N6PK:~/outlook/cd$ touch n.txt
madhuri@DESKTOP-D45N6PK:~/outlook/cd$ mv k.txt n.txt
madhuri@DESKTOP-D45N6PK:~/outlook/cd$ cat n.txt
 abcdefghijklmnopqrstuvwxyz
 abcdefghijklmnopqrstuvwxyz
 abcdefghijklmnopqrstuvwxyz
 abcdefghijklmnopqrstuvwxyz
 abcdefghijklmnopqrstuvwxyz
 abcdefghijklmnopqrstuvwxyz
 abcdefghijklmnopqrstuvwxyz
 abcdefghijklmnopqrstuvwxyz
 abcdefghijklmnopqrstuvwxyz
 abcdefghijklmnopqrstuvwxyz
 abcdefghijklmnopqrstuvwxyz
 abcdefghijklmnopqrstuvwxyz
 abcdefghijklmnopqrstuvwxyz
 abcdefghijklmnopqrstuvwxyz
 abcdefghijklmnopqrstuvwxyz
 abcdefghijklmnopqrstuvwxyz
 abcdefghijklmnopqrstuvwxyz
 abcdefghijklmnopqrstuvwxyz
 abcdefghijklmnopqrstuvwxyz
 abcdefghijklmnopqrstuvwxyz
 abcdefghijklmnopqrstuvwxyz
 abcdefghijklmnopqrstuvwxyz
 abcdefghijklmnopqrstuvwxyz
 abcdefghijklmnopqrstuvwxyz
 abcdefghijklmnopqrstuvwxyz
 abcdefghijklmnopqrstuvwxyz
 abcdefghijklmnopqrstuvwxyz
 abcdefghijklmnopqrstuvwxyz
 abcdefghijklmnopqrstuvwxyz
 abcdefghijklmnopqrstuvwxyz
 abcdefghijklmnopqrstuvwxyz
 abcdefghijklmnopqrstuvwxyz
 abcdefghijklmnopqrstuvwxyz
 abcdefghijklmnopqrstuvwxyz
 abcdefghijklmnopqrstuvwxyz
 abcdefghijklmnopqrstuvwxyz
 abcdefghijklmnopqrstuvwxyz
 abcdefghijklmnopqrstuvwxyz
 abcdefghijklmnopqrstuvwxyz
 abcdefghijklmnopqrstuvwxyz
 abcdefghijklmnopqrstuvwxyz
 abcdefghijklmnopqrstuvwxyz
 abcdefghijklmnopqrstuvwxyz
 abcdefghijklmnopqrstuvwxyz
 abcdefghijklmnopqrstuvwxyz
madhuri@DESKTOP-D45N6PK:~/outlook/cd$ ls
n.txt
madhuri@DESKTOP-D45N6PK:~/outlook/cd$ cd ..
madhuri@DESKTOP-D45N6PK:~/outlook$ ls
cd  k.txt  look.txt  outlook.txt
madhuri@DESKTOP-D45N6PK:~/outlook$ mv outlook.txt cd
madhuri@DESKTOP-D45N6PK:~/outlook$ cd cd
madhuri@DESKTOP-D45N6PK:~/outlook/cd$ ls
n.txt  outlook.txt
madhuri@DESKTOP-D45N6PK:~/outlook/cd$ cd ../..
madhuri@DESKTOP-D45N6PK:~$ whoami
madhuri
madhuri@DESKTOP-D45N6PK:~$ who
madhuri@DESKTOP-D45N6PK:~$ w
 17:50:21 up  1:31,  0 users,  load average: 0.52, 0.58, 0.59
USER     TTY      FROM             LOGIN@   IDLE   JCPU   PCPU WHAT
madhuri@DESKTOP-D45N6PK:~$ id
uid=1000(madhuri) gid=1000(madhuri) groups=1000(madhuri),4(adm),20(dialout),24(cdrom),25(floppy),27(sudo),29(audio),30(dip),44(video),46(plugdev),117(netdev)
madhuri@DESKTOP-D45N6PK:~$ cd outlook
madhuri@DESKTOP-D45N6PK:~/outlook$ whoami
madhuri
madhuri@DESKTOP-D45N6PK:~/outlook$ who
madhuri@DESKTOP-D45N6PK:~/outlook$ w
 17:51:06 up  1:32,  0 users,  load average: 0.52, 0.58, 0.59
USER     TTY      FROM             LOGIN@   IDLE   JCPU   PCPU WHAT
madhuri@DESKTOP-D45N6PK:~/outlook$ id
uid=1000(madhuri) gid=1000(madhuri) groups=1000(madhuri),4(adm),20(dialout),24(cdrom),25(floppy),27(sudo),29(audio),30(dip),44(video),46(plugdev),117(netdev)
madhuri@DESKTOP-D45N6PK:~/outlook$ cd ..
madhuri@DESKTOP-D45N6PK:~$ passwd
Changing password for madhuri.
Current password:
New password:
Retype new password:
You must choose a longer password
New password:
Retype new password:
passwd: password updated successfully
madhuri@DESKTOP-D45N6PK:~$ passwd
Changing password for madhuri.
Current password:
New password:
Retype new password:
Bad: new password is too simple
New password:
Retype new password:
Bad: new password is too simple
New password:
Retype new password:
passwd: password updated successfully
madhuri@DESKTOP-D45N6PK:~$ cd /
madhuri@DESKTOP-D45N6PK:/$ ls
bin  boot  dev  etc  home  init  lib  lib32  lib64  libx32  media  mnt  opt  proc  root  run  sbin  snap  srv  sys  tmp  usr  var
madhuri@DESKTOP-D45N6PK:/$ cat etc/passwd
root:x:0:0:root:/root:/bin/bash
daemon:x:1:1:daemon:/usr/sbin:/usr/sbin/nologin
bin:x:2:2:bin:/bin:/usr/sbin/nologin
sys:x:3:3:sys:/dev:/usr/sbin/nologin
sync:x:4:65534:sync:/bin:/bin/sync
games:x:5:60:games:/usr/games:/usr/sbin/nologin
man:x:6:12:man:/var/cache/man:/usr/sbin/nologin
lp:x:7:7:lp:/var/spool/lpd:/usr/sbin/nologin
mail:x:8:8:mail:/var/mail:/usr/sbin/nologin
news:x:9:9:news:/var/spool/news:/usr/sbin/nologin
uucp:x:10:10:uucp:/var/spool/uucp:/usr/sbin/nologin
proxy:x:13:13:proxy:/bin:/usr/sbin/nologin
www-data:x:33:33:www-data:/var/www:/usr/sbin/nologin
backup:x:34:34:backup:/var/backups:/usr/sbin/nologin
list:x:38:38:Mailing List Manager:/var/list:/usr/sbin/nologin
irc:x:39:39:ircd:/var/run/ircd:/usr/sbin/nologin
gnats:x:41:41:Gnats Bug-Reporting System (admin):/var/lib/gnats:/usr/sbin/nologin
nobody:x:65534:65534:nobody:/nonexistent:/usr/sbin/nologin
systemd-network:x:100:102:systemd Network Management,,,:/run/systemd:/usr/sbin/nologin
systemd-resolve:x:101:103:systemd Resolver,,,:/run/systemd:/usr/sbin/nologin
systemd-timesync:x:102:104:systemd Time Synchronization,,,:/run/systemd:/usr/sbin/nologin
messagebus:x:103:106::/nonexistent:/usr/sbin/nologin
syslog:x:104:110::/home/syslog:/usr/sbin/nologin
_apt:x:105:65534::/nonexistent:/usr/sbin/nologin
tss:x:106:111:TPM software stack,,,:/var/lib/tpm:/bin/false
uuidd:x:107:112::/run/uuidd:/usr/sbin/nologin
tcpdump:x:108:113::/nonexistent:/usr/sbin/nologin
sshd:x:109:65534::/run/sshd:/usr/sbin/nologin
landscape:x:110:115::/var/lib/landscape:/usr/sbin/nologin
pollinate:x:111:1::/var/cache/pollinate:/bin/false
madhuri:x:1000:1000:,,,:/home/madhuri:/bin/bash
dad:x:1001:1001:,,,:/home/dad:/bin/bash
mom:x:1002:1002:,,,:/home/mom:/bin/bash
madhuri@DESKTOP-D45N6PK:/$ sudo adduser bro
[sudo] password for madhuri:
Sorry, try again.
[sudo] password for madhuri:
Adding user `bro' ...
Adding new group `bro' (1003) ...
Adding new user `bro' (1003) with group `bro' ...
Creating home directory `/home/bro' ...
Copying files from `/etc/skel' ...
New password:
Retype new password:
passwd: password updated successfully
Changing the user information for bro
Enter the new value, or press ENTER for the default
        Full Name []:
        Room Number []:
        Work Phone []:
        Home Phone []:
        Other []:
Is the information correct? [Y/n] y
madhuri@DESKTOP-D45N6PK:/$ su - bro
Password:
Welcome to Ubuntu 20.04.3 LTS (GNU/Linux 4.4.0-19041-Microsoft x86_64)

 * Documentation:  https://help.ubuntu.com
 * Management:     https://landscape.canonical.com
 * Support:        https://ubuntu.com/advantage

  System information as of Fri Jan  7 17:57:30 IST 2022

  System load:            0.52
  Usage of /home:         unknown
  Memory usage:           83%
  Swap usage:             22%
  Processes:              9
  Users logged in:        0
  IPv4 address for eth2:  172.29.80.1
  IPv4 address for wifi0: 192.168.43.23
  IPv6 address for wifi0: 2409:4070:2515:46e1:9c36:38c8:1235:8ab7
  IPv6 address for wifi0: 2409:4070:2515:46e1:7028:21df:2f1f:653b

92 updates can be applied immediately.
39 of these updates are standard security updates.
To see these additional updates run: apt list --upgradable



This message is shown once a day. To disable it please create the
/home/bro/.hushlogin file.
bro@DESKTOP-D45N6PK:~$ su - madhuri
Password:
madhuri@DESKTOP-D45N6PK:~$ cat /etc/passwd
root:x:0:0:root:/root:/bin/bash
daemon:x:1:1:daemon:/usr/sbin:/usr/sbin/nologin
bin:x:2:2:bin:/bin:/usr/sbin/nologin
sys:x:3:3:sys:/dev:/usr/sbin/nologin
sync:x:4:65534:sync:/bin:/bin/sync
games:x:5:60:games:/usr/games:/usr/sbin/nologin
man:x:6:12:man:/var/cache/man:/usr/sbin/nologin
lp:x:7:7:lp:/var/spool/lpd:/usr/sbin/nologin
mail:x:8:8:mail:/var/mail:/usr/sbin/nologin
news:x:9:9:news:/var/spool/news:/usr/sbin/nologin
uucp:x:10:10:uucp:/var/spool/uucp:/usr/sbin/nologin
proxy:x:13:13:proxy:/bin:/usr/sbin/nologin
www-data:x:33:33:www-data:/var/www:/usr/sbin/nologin
backup:x:34:34:backup:/var/backups:/usr/sbin/nologin
list:x:38:38:Mailing List Manager:/var/list:/usr/sbin/nologin
irc:x:39:39:ircd:/var/run/ircd:/usr/sbin/nologin
gnats:x:41:41:Gnats Bug-Reporting System (admin):/var/lib/gnats:/usr/sbin/nologin
nobody:x:65534:65534:nobody:/nonexistent:/usr/sbin/nologin
systemd-network:x:100:102:systemd Network Management,,,:/run/systemd:/usr/sbin/nologin
systemd-resolve:x:101:103:systemd Resolver,,,:/run/systemd:/usr/sbin/nologin
systemd-timesync:x:102:104:systemd Time Synchronization,,,:/run/systemd:/usr/sbin/nologin
messagebus:x:103:106::/nonexistent:/usr/sbin/nologin
syslog:x:104:110::/home/syslog:/usr/sbin/nologin
_apt:x:105:65534::/nonexistent:/usr/sbin/nologin
tss:x:106:111:TPM software stack,,,:/var/lib/tpm:/bin/false
uuidd:x:107:112::/run/uuidd:/usr/sbin/nologin
tcpdump:x:108:113::/nonexistent:/usr/sbin/nologin
sshd:x:109:65534::/run/sshd:/usr/sbin/nologin
landscape:x:110:115::/var/lib/landscape:/usr/sbin/nologin
pollinate:x:111:1::/var/cache/pollinate:/bin/false
madhuri:x:1000:1000:,,,:/home/madhuri:/bin/bash
dad:x:1001:1001:,,,:/home/dad:/bin/bash
mom:x:1002:1002:,,,:/home/mom:/bin/bash
bro:x:1003:1003:,,,:/home/bro:/bin/bash
madhuri@DESKTOP-D45N6PK:~$ cat /etc/group
root:x:0:
daemon:x:1:
bin:x:2:
sys:x:3:
adm:x:4:syslog,madhuri
tty:x:5:syslog
disk:x:6:
lp:x:7:
mail:x:8:
news:x:9:
uucp:x:10:
man:x:12:
proxy:x:13:
kmem:x:15:
dialout:x:20:madhuri
fax:x:21:
voice:x:22:
cdrom:x:24:madhuri
floppy:x:25:madhuri
tape:x:26:
sudo:x:27:madhuri
audio:x:29:madhuri
dip:x:30:madhuri
www-data:x:33:
backup:x:34:
operator:x:37:
list:x:38:
irc:x:39:
src:x:40:
gnats:x:41:
shadow:x:42:
utmp:x:43:
video:x:44:madhuri
sasl:x:45:
plugdev:x:46:madhuri
staff:x:50:
games:x:60:
users:x:100:
nogroup:x:65534:
systemd-journal:x:101:
systemd-network:x:102:
systemd-resolve:x:103:
systemd-timesync:x:104:
crontab:x:105:
messagebus:x:106:
input:x:107:
kvm:x:108:
render:x:109:
syslog:x:110:
tss:x:111:
uuidd:x:112:
tcpdump:x:113:
ssh:x:114:
landscape:x:115:
admin:x:116:
netdev:x:117:madhuri
lxd:x:118:
madhuri:x:1000:
dad:x:1001:
mom:x:1002:
bro:x:1003:
madhuri@DESKTOP-D45N6PK:~$ sudo groupadd outlookgroup
madhuri@DESKTOP-D45N6PK:~$ cat /etc/group
root:x:0:
daemon:x:1:
bin:x:2:
sys:x:3:
adm:x:4:syslog,madhuri
tty:x:5:syslog
disk:x:6:
lp:x:7:
mail:x:8:
news:x:9:
uucp:x:10:
man:x:12:
proxy:x:13:
kmem:x:15:
dialout:x:20:madhuri
fax:x:21:
voice:x:22:
cdrom:x:24:madhuri
floppy:x:25:madhuri
tape:x:26:
sudo:x:27:madhuri
audio:x:29:madhuri
dip:x:30:madhuri
www-data:x:33:
backup:x:34:
operator:x:37:
list:x:38:
irc:x:39:
src:x:40:
gnats:x:41:
shadow:x:42:
utmp:x:43:
video:x:44:madhuri
sasl:x:45:
plugdev:x:46:madhuri
staff:x:50:
games:x:60:
users:x:100:
nogroup:x:65534:
systemd-journal:x:101:
systemd-network:x:102:
systemd-resolve:x:103:
systemd-timesync:x:104:
crontab:x:105:
messagebus:x:106:
input:x:107:
kvm:x:108:
render:x:109:
syslog:x:110:
tss:x:111:
uuidd:x:112:
tcpdump:x:113:
ssh:x:114:
landscape:x:115:
admin:x:116:
netdev:x:117:madhuri
lxd:x:118:
madhuri:x:1000:
dad:x:1001:
mom:x:1002:
bro:x:1003:
outlookgroup:x:1004:
madhuri@DESKTOP-D45N6PK:~$ ls -il
total 0
2533274790709836 drwxr-xr-x 1 madhuri madhuri 512 Jan  7 17:12 folder
1688849860628666 drwxr-xr-x 1 madhuri madhuri 512 Jan  5 16:44 hushmum
7036874418131041 drwxrwxr-x 1 madhuri madhuri 512 Jan  5 16:38 initialhashmum
5348024557816388 drwxr-xr-x 1 madhuri madhuri 512 Jan  7 17:01 loop
4222124650973751 -rwxrwxr-- 1 madhuri madhuri  31 Jan  7 17:34 m.txt
 281474977028877 drwxr-xr-x 1 madhuri madhuri 512 Dec 29 21:14 madhuri
 844424930445897 drwxr-xr-x 1 madhuri madhuri 512 Jan  7 17:45 outlook
madhuri@DESKTOP-D45N6PK:~$ ls -a
.   .bash_history  .bashrc     .local       .profile         .sudo_as_admin_successful  hushmum         loop   madhuri
..  .bash_logout   .landscape  .motd_shown  .python_history  folder                     initialhashmum  m.txt  outlook
madhuri@DESKTOP-D45N6PK:~$ ls -l
total 0
drwxr-xr-x 1 madhuri madhuri 512 Jan  7 17:12 folder
drwxr-xr-x 1 madhuri madhuri 512 Jan  5 16:44 hushmum
drwxrwxr-x 1 madhuri madhuri 512 Jan  5 16:38 initialhashmum
drwxr-xr-x 1 madhuri madhuri 512 Jan  7 17:01 loop
-rwxrwxr-- 1 madhuri madhuri  31 Jan  7 17:34 m.txt
drwxr-xr-x 1 madhuri madhuri 512 Dec 29 21:14 madhuri
drwxr-xr-x 1 madhuri madhuri 512 Jan  7 17:45 outlook
madhuri@DESKTOP-D45N6PK:~$ chmod o-w m.txt
madhuri@DESKTOP-D45N6PK:~$ ls -li
total 0
2533274790709836 drwxr-xr-x 1 madhuri madhuri 512 Jan  7 17:12 folder
1688849860628666 drwxr-xr-x 1 madhuri madhuri 512 Jan  5 16:44 hushmum
7036874418131041 drwxrwxr-x 1 madhuri madhuri 512 Jan  5 16:38 initialhashmum
5348024557816388 drwxr-xr-x 1 madhuri madhuri 512 Jan  7 17:01 loop
4222124650973751 -rwxrwxr-- 1 madhuri madhuri  31 Jan  7 17:34 m.txt
 281474977028877 drwxr-xr-x 1 madhuri madhuri 512 Dec 29 21:14 madhuri
 844424930445897 drwxr-xr-x 1 madhuri madhuri 512 Jan  7 17:45 outlook
madhuri@DESKTOP-D45N6PK:~$ chmod o-w madhuri
madhuri@DESKTOP-D45N6PK:~$ ls -li
total 0
2533274790709836 drwxr-xr-x 1 madhuri madhuri 512 Jan  7 17:12 folder
1688849860628666 drwxr-xr-x 1 madhuri madhuri 512 Jan  5 16:44 hushmum
7036874418131041 drwxrwxr-x 1 madhuri madhuri 512 Jan  5 16:38 initialhashmum
5348024557816388 drwxr-xr-x 1 madhuri madhuri 512 Jan  7 17:01 loop
4222124650973751 -rwxrwxr-- 1 madhuri madhuri  31 Jan  7 17:34 m.txt
 281474977028877 drwxr-xr-x 1 madhuri madhuri 512 Dec 29 21:14 madhuri
 844424930445897 drwxr-xr-x 1 madhuri madhuri 512 Jan  7 17:45 outlook
madhuri@DESKTOP-D45N6PK:~$ ls -alh | grep folder
drwxr-xr-x 1 madhuri madhuri  512 Jan  7 17:12 folder
madhuri@DESKTOP-D45N6PK:~$ ls -alh loop
total 0
drwxr-xr-x 1 madhuri madhuri 512 Jan  7 17:01 .
drwxr-xr-x 1 madhuri madhuri 512 Jan  7 17:38 ..
madhuri@DESKTOP-D45N6PK:~$ cd outlook
madhuri@DESKTOP-D45N6PK:~/outlook$ touch u.txt
madhuri@DESKTOP-D45N6PK:~/outlook$ ls
cd  k.txt  look.txt  u.txt
madhuri@DESKTOP-D45N6PK:~/outlook$ rm --u.txt
rm: unrecognized option '--u.txt'
Try 'rm --help' for more information.
madhuri@DESKTOP-D45N6PK:~/outlook$ rm u.txt
madhuri@DESKTOP-D45N6PK:~/outlook$ ls
cd  k.txt  look.txt
madhuri@DESKTOP-D45N6PK:~/outlook$ find. -name*.txt

Command 'find.' not found, did you mean:

  command 'find' from deb findutils (4.7.0-1ubuntu1)
  command 'findv' from deb polylib-utils (5.22.5-4+dfsg)
  command 'findg' from deb ncl-ncarg (6.6.2-1build4)

Try: sudo apt install <deb name>

madhuri@DESKTOP-D45N6PK:~/outlook$ find. - name*.txt

Command 'find.' not found, did you mean:

  command 'find' from deb findutils (4.7.0-1ubuntu1)
  command 'findv' from deb polylib-utils (5.22.5-4+dfsg)
  command 'findg' from deb ncl-ncarg (6.6.2-1build4)

Try: sudo apt install <deb name>

madhuri@DESKTOP-D45N6PK:~/outlook$ find . - name*.txt
.
./cd
./cd/n.txt
./cd/outlook.txt
./k.txt
./look.txt
find: ‘-’: No such file or directory
find: ‘name*.txt’: No such file or directory
madhuri@DESKTOP-D45N6PK:~/outlook$ find . - name*.*
.
./cd
./cd/n.txt
./cd/outlook.txt
./k.txt
./look.txt
find: ‘-’: No such file or directory
find: ‘name*.*’: No such file or directory
madhuri@DESKTOP-D45N6PK:~/outlook$ find . - type d - name"t*"
.
./cd
./cd/n.txt
./cd/outlook.txt
./k.txt
./look.txt
find: ‘-’: No such file or directory
find: ‘type’: No such file or directory
find: ‘d’: No such file or directory
find: ‘-’: No such file or directory
find: ‘namet*’: No such file or directory
madhuri@DESKTOP-D45N6PK:~/outlook$ ls
cd  k.txt  look.txt
madhuri@DESKTOP-D45N6PK:~/outlook$ touch t.txt
madhuri@DESKTOP-D45N6PK:~/outlook$ ls
cd  k.txt  look.txt  t.txt
madhuri@DESKTOP-D45N6PK:~/outlook$ find . - name t.txt -delete
find: ‘-’: No such file or directory
find: ‘name’: No such file or directory
find: ‘t.txt’: No such file or directory
madhuri@DESKTOP-D45N6PK:~/outlook$ find . - name t.txt - delete
.
find: ‘-’: No such file or directory
find: ‘name’: No such file or directory
find: ‘t.txt’: No such file or directory
find: ‘-’: No such file or directory
find: ‘delete’: No such file or directory
madhuri@DESKTOP-D45N6PK:~/outlook$ find . -name t.txt -delete
madhuri@DESKTOP-D45N6PK:~/outlook$ ls
madhuri@DESKTOP-D45N6PK:~/outlook$ free
              total        used        free      shared  buff/cache   available
Mem:        3993588     3292816      471420       17720      229352      567040
Swap:      12058624     2680412     9378212
madhuri@DESKTOP-D45N6PK:~/outlook$ cd ..
madhuri@DESKTOP-D45N6PK:~$ free
              total        used        free      shared  buff/cache   available
Mem:        3993588     3301304      462932       17720      229352      558552
Swap:      12058624     2680180     9378444
madhuri@DESKTOP-D45N6PK:~$ uptime
 18:13:31 up  1:54,  0 users,  load average: 0.52, 0.58, 0.59
madhuri@DESKTOP-D45N6PK:~$
madhuri@DESKTOP-D45N6PK:~$
madhuri@DESKTOP-D45N6PK:~$
madhuri@DESKTOP-D45N6PK:~$ python3
Python 3.8.10 (default, Jun  2 2021, 10:49:15)
[GCC 9.4.0] on linux
Type "help", "copyright", "credits" or "license" for more information.
>>> 'hello'
'hello'
>>> 52+56
108
>>> 89-36
53
>>> 45//5
9
>>> name ='madhuri'
>>> job ='software'
>>> print('my name is ' + name + ' working as ' + job)
my name is madhuri working as software
>>> n=20
>>> if(no <10):
...     print(no, 'is a single digit number')
... else:
...     print(no, 'is a multidigit number')
...
Traceback (most recent call last):
  File "<stdin>", line 1, in <module>
NameError: name 'no' is not defined
>>> n=20
>>> if(n <10):
...     print(n, 'is a multidigit number')
... else:
...     print(n, 'is a single digit number')
...
20 is a single digit number
>>> no=234
>>> if(no <10):
...     print(no, 'is a one digit number')
... elif(no <100):
...     print(no, 'is a two digit number')
... elif(no <200):
...     print(no, 'is a three digit number')
... elif(no <1000):
...     print(no, 'is a three digit number')
... elif(no <10000):
...     print(no, 'is a four digit number')
...
234 is a three digit number
>>> names =['nivi', 'kivi', 'mivi', 'rivi']
>>> names[3]
'rivi'
>>> print(names[5])
Traceback (most recent call last):
  File "<stdin>", line 1, in <module>
IndexError: list index out of range
>>> print(names[2])
mivi
>>> for name in names:
...     print(name)
...
nivi
kivi
mivi
rivi
>>> a,b=0,1
>>> n=10
>>> while(a<n):
...     print(a, end=' ')
...     a,b=b,a+b
...
0 1 1 2 3 5 8 >>> class student:
...     def setstudent(self,id,name,course);
  File "<stdin>", line 2
    def setstudent(self,id,name,course);
                                       ^
SyntaxError: invalid syntax
>>> class student:
...     def setstudent(self,id,name,course):
...             self.id=id
...             self.name=name
...             self.course=course
...     def getstudent(self):
...             print(self.id, " ", self.name, " ", self.course)
...
>>> std = student()
>>> std.setstudent(01,"chelsy","devops")
  File "<stdin>", line 1
    std.setstudent(01,"chelsy","devops")
                    ^
SyntaxError: leading zeros in decimal integer literals are not permitted; use an 0o prefix for octal integers
>>> std.setstudent(345,"chelsy","devops")
>>> std.getstudent()
345   chelsy   devops
>>> class item:
...     def__init__(self,name,price):
  File "<stdin>", line 2
    def__init__(self,name,price):
                                ^
SyntaxError: invalid syntax
>>> class item:
...     def __init__(self,name,price):
...             self.name=name
...             self.price=price
...     def showitem(self):
...             print(self.name, " ", self.price)
...
>>> itm=item()
Traceback (most recent call last):
  File "<stdin>", line 1, in <module>
TypeError: __init__() missing 2 required positional arguments: 'name' and 'price'
>>> itm= item("dairymilk", 500)
>>> itm.showitem()
dairymilk   500
>>> exit
Use exit() or Ctrl-D (i.e. EOF) to exit
>>>
madhuri@DESKTOP-D45N6PK:~$ top
top - 18:47:57 up  2:29,  0 users,  load average: 0.52, 0.58, 0.59
Tasks:   8 total,   1 running,   7 sleeping,   0 stopped,   0 zombie
%Cpu(s):  3.6 us,  8.0 sy,  0.0 ni, 87.1 id,  0.0 wa,  1.2 hi,  0.0 si,  0.0 st
MiB Mem :   3900.0 total,    557.0 free,   3119.0 used,    224.0 buff/cache
MiB Swap:  11776.0 total,   9234.8 free,   2541.2 used.    650.4 avail Mem

  PID USER      PR  NI    VIRT    RES    SHR S  %CPU  %MEM     TIME+ COMMAND
    1 root      20   0    8944    128     84 S   0.0   0.0   0:00.14 init
    8 root      20   0    8944    128     84 S   0.0   0.0   0:00.01 init
    9 madhuri   20   0   18076   3640   3540 S   0.0   0.1   0:00.49 bash
  169 root      20   0   18416   2468   2444 S   0.0   0.1   0:00.04 su
  170 bro       20   0   18092   3604   3496 S   0.0   0.1   0:00.12 bash
  230 root      20   0   18416   2468   2440 S   0.0   0.1   0:00.06 su
  231 madhuri   20   0   18092   3612   3512 S   0.0   0.1   0:00.23 bash
  299 madhuri   20   0   18920   2144   1528 R   0.0   0.1   0:00.00 top












madhuri@DESKTOP-D45N6PK:~$ last

wtmp begins Tue Dec 28 20:51:57 2021
madhuri@DESKTOP-D45N6PK:~$ ps
  PID TTY          TIME CMD
    9 tty1     00:00:00 bash
  231 tty1     00:00:00 bash
  301 tty1     00:00:00 ps
madhuri@DESKTOP-D45N6PK:~$ info
madhuri@DESKTOP-D45N6PK:~$ env
SHELL=/bin/bash
PWD=/home/madhuri
LOGNAME=madhuri
HOME=/home/madhuri
LANG=C.UTF-8
LS_COLORS=rs=0:di=01;34:ln=01;36:mh=00:pi=40;33:so=01;35:do=01;35:bd=40;33;01:cd=40;33;01:or=40;31;01:mi=00:su=37;41:sg=30;43:ca=30;41:tw=30;42:ow=34;42:st=37;44:ex=01;32:*.tar=01;31:*.tgz=01;31:*.arc=01;31:*.arj=01;31:*.taz=01;31:*.lha=01;31:*.lz4=01;31:*.lzh=01;31:*.lzma=01;31:*.tlz=01;31:*.txz=01;31:*.tzo=01;31:*.t7z=01;31:*.zip=01;31:*.z=01;31:*.dz=01;31:*.gz=01;31:*.lrz=01;31:*.lz=01;31:*.lzo=01;31:*.xz=01;31:*.zst=01;31:*.tzst=01;31:*.bz2=01;31:*.bz=01;31:*.tbz=01;31:*.tbz2=01;31:*.tz=01;31:*.deb=01;31:*.rpm=01;31:*.jar=01;31:*.war=01;31:*.ear=01;31:*.sar=01;31:*.rar=01;31:*.alz=01;31:*.ace=01;31:*.zoo=01;31:*.cpio=01;31:*.7z=01;31:*.rz=01;31:*.cab=01;31:*.wim=01;31:*.swm=01;31:*.dwm=01;31:*.esd=01;31:*.jpg=01;35:*.jpeg=01;35:*.mjpg=01;35:*.mjpeg=01;35:*.gif=01;35:*.bmp=01;35:*.pbm=01;35:*.pgm=01;35:*.ppm=01;35:*.tga=01;35:*.xbm=01;35:*.xpm=01;35:*.tif=01;35:*.tiff=01;35:*.png=01;35:*.svg=01;35:*.svgz=01;35:*.mng=01;35:*.pcx=01;35:*.mov=01;35:*.mpg=01;35:*.mpeg=01;35:*.m2v=01;35:*.mkv=01;35:*.webm=01;35:*.ogm=01;35:*.mp4=01;35:*.m4v=01;35:*.mp4v=01;35:*.vob=01;35:*.qt=01;35:*.nuv=01;35:*.wmv=01;35:*.asf=01;35:*.rm=01;35:*.rmvb=01;35:*.flc=01;35:*.avi=01;35:*.fli=01;35:*.flv=01;35:*.gl=01;35:*.dl=01;35:*.xcf=01;35:*.xwd=01;35:*.yuv=01;35:*.cgm=01;35:*.emf=01;35:*.ogv=01;35:*.ogx=01;35:*.aac=00;36:*.au=00;36:*.flac=00;36:*.m4a=00;36:*.mid=00;36:*.midi=00;36:*.mka=00;36:*.mp3=00;36:*.mpc=00;36:*.ogg=00;36:*.ra=00;36:*.wav=00;36:*.oga=00;36:*.opus=00;36:*.spx=00;36:*.xspf=00;36:
LESSCLOSE=/usr/bin/lesspipe %s %s
TERM=xterm-256color
LESSOPEN=| /usr/bin/lesspipe %s
USER=madhuri
SHLVL=1
XDG_DATA_DIRS=/usr/local/share:/usr/share:/var/lib/snapd/desktop
PATH=/usr/local/sbin:/usr/local/bin:/usr/sbin:/usr/bin:/sbin:/bin:/usr/games:/usr/local/games:/snap/bin
MAIL=/var/mail/madhuri
_=/usr/bin/env
OLDPWD=/home/madhuri/outlook
madhuri@DESKTOP-D45N6PK:~$ df
Filesystem     1K-blocks     Used Available Use% Mounted on
rootfs         212744520 59454948 153289572  28% /
none           212744520 59454948 153289572  28% /dev
none           212744520 59454948 153289572  28% /run
none           212744520 59454948 153289572  28% /run/lock
none           212744520 59454948 153289572  28% /run/shm
none           212744520 59454948 153289572  28% /run/user
tmpfs          212744520 59454948 153289572  28% /sys/fs/cgroup
C:\            212744520 59454948 153289572  28% /mnt/c
D:\            286718972   104620 286614352   1% /mnt/d
madhuri@DESKTOP-D45N6PK:~$

